Cluster_ID	Genomic Nomenclature ID	Level	Size	Max distance	Timespan	Mindate	Maxdate	Strains	status	Investigation	Investigation called	merged with
MGT7 ST6691:4:1701:1	MGT7 ST6691	4	12	9	8	2017-01-22	2017-01-30	SS17M0895,SS17M0896,SS17M0898,SS17M0913,SS17M0914,SS17M0987,SS17M1081,SS17M1087,SS17M1088,SS17M1089,SS17M1121,SS17M1207	expanded	True	2017-01-22_2017-01-28	
MGT6 ST90:3:1701:1	MGT6 ST90	3	5	5	1	2017-01-16	2017-01-17	17-1157-0164,17-1157-0171,17-1157-0187,17-1157-0191,17-1157-0226	unchanged	True	2017-01-15_2017-01-21	
MGT7 ST117:4:1701:1	MGT7 ST117	4	5	5	10	2017-01-18	2017-01-28	17-1157-0236,17-1157-0255,17-1157-0264,17-1157-0270,SS17M0749	unchanged	True	2017-01-22_2017-01-28	
